// Jest Snapshot v1, https://goo.gl/fbAQLP

exports[`<ShowCard /> should render correct component 1`] = `
<div
  className="show-card"
>
  <img
    alt="Test movie"
    src="/public/img/posters/something.jpg"
  />
  <div>
    <h3>
      Test movie
    </h3>
    <h4>
      (
      2015
      )
    </h4>
    <p>
      A movie description for testing
    </p>
  </div>
</div>
`;
